// Jest Snapshot v1, https://goo.gl/fbAQLP

exports[`icon renders a star svg with accessible name 1`] = `
<svg
  aria-label="A star icon for your favorite results."
  height="50px"
  role="icon"
  viewBox="0 0 24 24"
  width="50px"
>
  <path
    d="M0 0h24v24H0z"
    fill="none"
  />
  <path
    d="M12 17.27L18.18 21l-1.64-7.03L22 9.24l-7.19-.61L12 2 9.19 8.63 2 9.24l5.46 4.73L5.82 21z"
    fill="none"
    stroke="black"
    stroke-width="1.5px"
  />
  <path
    d="M0 0h24v24H0z"
    fill="none"
  />
</svg>
`;
